
> backend@1.0.0 test
> cross-env NODE_OPTIONS=--experimental-vm-modules jest --runInBand tests/update.test.js

  console.log
    [dotenv@17.2.3] injecting env (3) from .env -- tip: ≡ƒöÉ prevent committing .env to code: https://dotenvx.com/precommit

      at _log (node_modules/dotenv/lib/main.js:142:11)

[0mPOST /api/auth/register [32m201[0m 177.986 ms - 441[0m
[0mPUT /api/sweets/693d906654dc40fa429671ee [33m403[0m 4.266 ms - 56[0m
